// Jest Snapshot v1, https://goo.gl/fbAQLP

exports[`Modal renders correctly 1`] = `
.c0 {
  box-sizing: border-box;
  margin: 0;
  min-width: 0;
  position: fixed;
  z-index: 1000;
  width: 100%;
  height: 100%;
  top: 0;
  left: 0;
  display: -webkit-box;
  display: -webkit-flex;
  display: -ms-flexbox;
  display: flex;
  -webkit-box-pack: center;
  -webkit-justify-content: center;
  -ms-flex-pack: center;
  justify-content: center;
  -webkit-align-items: center;
  -webkit-box-align: center;
  -ms-flex-align: center;
  align-items: center;
}

.c1 {
  box-sizing: border-box;
  margin: 0;
  min-width: 0;
  padding: 34px;
  max-width: 900px;
  min-width: 380px !important;
  background: #FFFFFF;
  border-radius: 16px;
  box-sizing: border-box;
  display: -webkit-box;
  display: -webkit-flex;
  display: -ms-flexbox;
  display: flex;
  -webkit-flex-direction: column;
  -ms-flex-direction: column;
  flex-direction: column;
  gap: 24px;
  box-shadow: 8px 8px 16px rgba(77,91,100,0.15);
}

.c2 {
  box-sizing: border-box;
  margin: 0;
  min-width: 0;
  -webkit-align-items: center;
  -webkit-box-align: center;
  -ms-flex-align: center;
  align-items: center;
}

.c4 {
  box-sizing: border-box;
  margin: 0;
  min-width: 0;
  font-family: primary;
}

.c5 {
  box-sizing: border-box;
  margin: 0;
  min-width: 0;
}

.c6 {
  box-sizing: border-box;
  margin: 0;
  min-width: 0;
  -webkit-box-pack: start;
  -webkit-justify-content: start;
  -ms-flex-pack: start;
  justify-content: start;
  -webkit-align-items: center;
  -webkit-box-align: center;
  -ms-flex-align: center;
  align-items: center;
  gap: 24px;
}

.c3 {
  display: -webkit-box;
  display: -webkit-flex;
  display: -ms-flexbox;
  display: flex;
}

<div
  className="c0"
>
  <div
    className="c1"
  >
    <div
      className="c2 c3"
    >
      <p
        className="c4"
        style={
          {
            "color": "#384248",
            "fontWeight": "700",
          }
        }
      >
        This is the header
      </p>
    </div>
    <div
      className="c5"
    >
      This is the body
    </div>
    <div
      className="c6 c3"
    >
      This is the footer
    </div>
  </div>
</div>
`;
