// Jest Snapshot v1, https://goo.gl/fbAQLP

exports[`Submenu first case 1`] = `
.c0 {
  box-sizing: border-box;
  margin: 0;
  min-width: 0;
  position: relative;
}

.c1 {
  box-sizing: border-box;
  margin: 0;
  min-width: 0;
  display: -webkit-box;
  display: -webkit-flex;
  display: -ms-flexbox;
  display: flex;
  width: -webkit-fit-content;
  width: -moz-fit-content;
  width: fit-content;
}

.c2 {
  box-sizing: border-box;
  margin: 0;
  min-width: 0;
  -webkit-appearance: none;
  -moz-appearance: none;
  appearance: none;
  display: -webkit-box;
  display: -webkit-flex;
  display: -ms-flexbox;
  display: flex;
  line-height: inherit;
  font-family: Nunito Sans;
  font-weight: normal;
  text-align: center;
  -webkit-text-decoration: none;
  text-decoration: none;
  cursor: pointer;
  outline: none;
  border: 0;
  -webkit-flex-direction: row;
  -ms-flex-direction: row;
  flex-direction: row;
  -webkit-box-pack: center;
  -webkit-justify-content: center;
  -ms-flex-pack: center;
  justify-content: center;
  -webkit-align-items: center;
  -webkit-box-align: center;
  -ms-flex-align: center;
  align-items: center;
  white-space: nowrap;
  position: relative;
}

.c3 {
  box-sizing: border-box;
  margin: 0;
  min-width: 0;
  position: relative;
  width: 18px;
  height: 18px;
}

.c4 {
  box-sizing: border-box;
  margin: 0;
  min-width: 0;
  -webkit-appearance: none;
  -moz-appearance: none;
  appearance: none;
  display: -webkit-box;
  display: -webkit-flex;
  display: -ms-flexbox;
  display: flex;
  -webkit-align-items: flex-start;
  -webkit-box-align: flex-start;
  -ms-flex-align: flex-start;
  align-items: flex-start;
  white-space: nowrap;
  border: none;
  font-family: Nunito Sans;
  background: #FFFFFF;
  -webkit-box-pack: center;
  -webkit-justify-content: center;
  -ms-flex-pack: center;
  justify-content: center;
}

.c5 {
  box-sizing: border-box;
  margin: 0;
  min-width: 0;
  position: relative;
  width: 100%;
}

.c6 {
  box-sizing: border-box;
  margin: 0;
  min-width: 0;
  -webkit-appearance: none;
  -moz-appearance: none;
  appearance: none;
  display: -webkit-box;
  display: -webkit-flex;
  display: -ms-flexbox;
  display: flex;
  line-height: inherit;
  font-family: Nunito Sans;
  font-weight: 400;
  text-align: center;
  -webkit-text-decoration: none;
  text-decoration: none;
  cursor: pointer;
  outline: none;
  border: 0;
  -webkit-flex-direction: row;
  -ms-flex-direction: row;
  flex-direction: row;
  width: 100%;
  -webkit-align-items: center;
  -webkit-box-align: center;
  -ms-flex-align: center;
  align-items: center;
  white-space: nowrap;
  position: relative;
}

.c7 {
  box-sizing: border-box;
  margin: 0;
  min-width: 0;
  position: relative;
  width: 12px;
  height: 12px;
}

<div
  style={
    {
      "background": "#F3F6F8",
      "borderRadius": "10px",
      "padding": "20px",
    }
  }
>
  <div
    className="c0"
  >
    <div
      aria-describedby="tooltip0"
      className="c1"
      id="parent0"
    >
      <div
        className="c0"
      >
        <button
          className="c2"
        >
          <div
            className="c3"
            style={
              {
                "color": "#49565D",
              }
            }
          >
            <i
              className="icon-propiedades"
              style={
                {
                  "bottom": "0px",
                  "fontSize": "18px",
                  "height": "18px",
                  "left": "-0.5px",
                  "position": "absolute",
                  "right": "0px",
                  "top": "-1px",
                  "width": "18px",
                }
              }
            />
          </div>
        </button>
      </div>
    </div>
  </div>
  <div
    id="tooltip0"
    role="tooltip0"
    style={
      {
        "visibility": "visible",
        "width": "fit-content",
      }
    }
  >
    <div
      className="c0"
    >
      <div
        className="c4"
      >
        <div
          className="c5"
        >
          <button
            className="c6"
          >
            <div
              className="c7"
            >
              <i
                className="icon-contactos"
                style={
                  {
                    "bottom": "0px",
                    "fontSize": "12px",
                    "height": "12px",
                    "left": "-0.5px",
                    "position": "absolute",
                    "right": "0px",
                    "top": "-1px",
                    "width": "12px",
                  }
                }
              />
            </div>
            <span>
              Contacto
            </span>
          </button>
        </div>
        <div
          className="c5"
        >
          <button
            className="c6"
          >
            <div
              className="c7"
            >
              <i
                className="icon-empresa"
                style={
                  {
                    "bottom": "0px",
                    "fontSize": "12px",
                    "height": "12px",
                    "left": "-0.5px",
                    "position": "absolute",
                    "right": "0px",
                    "top": "-1px",
                    "width": "12px",
                  }
                }
              />
            </div>
            <span>
              Empresa
            </span>
          </button>
        </div>
        <div
          className="c5"
        >
          <button
            className="c6"
          >
            <div
              className="c7"
            >
              <i
                className="icon-propiedades"
                style={
                  {
                    "bottom": "0px",
                    "fontSize": "12px",
                    "height": "12px",
                    "left": "-0.5px",
                    "position": "absolute",
                    "right": "0px",
                    "top": "-1px",
                    "width": "12px",
                  }
                }
              />
            </div>
            <span>
              Propiedad
            </span>
          </button>
        </div>
        <div
          className="c5"
        >
          <button
            className="c6"
          >
            <div
              className="c7"
            >
              <i
                className="icon-emprendimientos"
                style={
                  {
                    "bottom": "0px",
                    "fontSize": "12px",
                    "height": "12px",
                    "left": "-0.5px",
                    "position": "absolute",
                    "right": "0px",
                    "top": "-1px",
                    "width": "12px",
                  }
                }
              />
            </div>
            <span>
              Emprendimiento
            </span>
          </button>
        </div>
        <div
          className="c5"
        >
          <button
            className="c6"
          >
            <div
              className="c7"
            >
              <i
                className="icon-email"
                style={
                  {
                    "bottom": "0px",
                    "fontSize": "12px",
                    "height": "12px",
                    "left": "-0.5px",
                    "position": "absolute",
                    "right": "0px",
                    "top": "-1px",
                    "width": "12px",
                  }
                }
              />
            </div>
            <span>
              Email
            </span>
          </button>
        </div>
      </div>
    </div>
  </div>
</div>
`;

exports[`Submenu renders correctly 1`] = `ReactWrapper {}`;
